<html>
<body>
<pre>
<h1>µVision Build Log</h1>
<h2>Project:</h2>
C:\Keil\ValvanoWareTM4C123\Lab2_Jitter_Demo\ADCSWTrigger.uvproj
Project File Date:  09/12/2016

<h2>Output:</h2>
Rebuild target 'ADCSWTrigger'
assembling startup.s...
compiling ADCSWTrigger.c...
compiling ADCTestMain.c...
ADCTestMain.c(196): warning:  #111-D: statement is unreachable
        return 0;
ADCTestMain.c(218): warning:  #111-D: statement is unreachable
        return 0;
ADCTestMain.c: 2 warnings, 0 errors
compiling PLL.c...
compiling Timer1.c...
compiling ST7735.c...
compiling fixed.c...
compiling InputOutput.c...
linking...
Program Size: Code=3952 RO-data=2052 RW-data=56 ZI-data=25520  
".\ADCSWTrigger.axf" - 0 Error(s), 2 Warning(s).
Load "C:\\Keil\\ValvanoWareTM4C123\\Lab2_Jitter_Demo\\ADCSWTrigger.axf" 
Connecting: Mode=JTAG, Speed=1000000Hz
Erase Done.
Programming Done.
Verify OK.
</pre>
</body>
</html>
eTM4C123\\Lab2_Jitter_Demo\\ADCSWTrigger.axf" 
Connecting: Mode=JTAG, Speed=1000000Hz
Erase Done.
Programming Done.
Verify OK.
1000000Hz
Erase Done.
Programming Done.
Verify OK.
