<html>
<body>
<pre>
<h1>µVision Build Log</h1>
<h2>Project:</h2>
C:\Keil\ValvanoWareTM4C123\Lab2_Jitter_Demo\ADCSWTrigger.uvproj
Project File Date:  09/09/2016

<h2>Output:</h2>
Rebuild target 'ADCSWTrigger'
assembling startup.s...
compiling ADCSWTrigger.c...
compiling ADCTestMain.c...
ADCTestMain.c(192): warning:  #111-D: statement is unreachable
        return 0;
ADCTestMain.c: 1 warning, 0 errors
compiling PLL.c...
compiling Timer1.c...
compiling ST7735.c...
compiling fixed.c...
linking...
Program Size: Code=4500 RO-data=2052 RW-data=56 ZI-data=25520  
".\ADCSWTrigger.axf" - 0 Error(s), 1 Warning(s).
Load "C:\\Keil\\ValvanoWareTM4C123\\Lab2_Jitter_Demo\\ADCSWTrigger.axf" 
Connecting: Mode=JTAG, Speed=1000000Hz
Erase Done.
Programming Done.
Verify OK.
