<html>
<body>
<pre>
<h1>µVision Build Log</h1>
<h2>Project:</h2>
C:\Keil\ValvanoWareTM4C123\Lab3\ST7735.uvproj
Project File Date:  09/14/2016

<h2>Output:</h2>
Rebuild target 'ST7735'
assembling startup.s...
compiling PLL.c...
compiling ST7735.c...
compiling Main.c...
Main.c(55): warning:  #111-D: statement is unreachable
        return 0;
Main.c: 1 warning, 0 errors
compiling Clock.c...
compiling Alarm.c...
linking...
Program Size: Code=1976 RO-data=2052 RW-data=68 ZI-data=1028  
".\ST7735.axf" - 0 Error(s), 1 Warning(s).
Error(s), 1 Warning(s).
ted
achable
        return 0;
Main.c: 2 warnings, 0 errors
compiling Clock.c...
compiling Alarm.c...
compiling Switches.c...
linking...
.\ST7735.axf: Error: L6218E: Undefined symbol Alarm_Init (referred from clock.o).
Not enough information to list image symbols.
Finished: 1 information, 0 warning and 1 error messages.
".\ST7735.axf" - 1 Error(s), 2 Warning(s).
Target not created
0 errors
compiling Alarm.c...
compiling Switches.c...
linking...
.\ST7735.axf: Error: L6218E: Undefined symbol Alarm_Init (referred from clock.o).
Not enough information to list image symbols.
Finished: 1 information, 0 warning and 1 error messages.
".\ST7735.axf" - 1 Error(s), 5 Warning(s).
Target not created
t not created
