<html>
<body>
<pre>
<h1>µVision Build Log</h1>
<h2>Project:</h2>
C:\Keil\ValvanoWareTM4C123\Lab1\ST7735.uvproj
Project File Date:  08/31/2016

<h2>Output:</h2>
Rebuild target 'ST7735'
assembling startup.s...
compiling PLL.c...
compiling ST7735.c...
compiling ST7735TestMain.c...
compiling fixed.c...
compiling main.c...
linking...
Program Size: Code=2968 RO-data=2052 RW-data=60 ZI-data=1028  
".\ST7735.axf" - 0 Error(s), 0 Warning(s).
.c: 1 warning, 0 errors
compiling main.c...
linking...
Program Size: Code=2968 RO-data=2052 RW-data=60 ZI-data=1028  
".\ST7735.axf" - 0 Error(s), 1 Warning(s).
ment provided for parameter marked with attribute "nonnull"
        fputc(n/1000 + 48, 0); //first digit
fixed.c(29): warning:  #2748-D: null argument provided for parameter marked with attribute "nonnull"
        fputc('.', 0); //decimal
fixed.c(31): warning:  #2748-D: null argument provided for parameter marked with attribute "nonnull"
        fputc(n/100 + 48, 0); //second digit
fixed.c(34): warning:  #2748-D: null argument provided for parameter marked with attribute "nonnull"
        fputc(n/10 + 48, 0); //third digit
fixed.c(37): warning:  #2748-D: null argument provided for parameter marked with attribute "nonnull"
        fputc(n + 48,0); //fourth digit
fixed.c(50): warning:  #2748-D: null argument provided for parameter marked with attribute "nonnull"
                fputc(hold/10000 + 48,0);
fixed.c(54): warning:  #2748-D: null argument provided for parameter marked with attribute "nonnull"
                fputc(' ',0);
fixed.c(58): warning:  #2748-D: null argument provided for parameter marked with attribute "nonnull"
                fputc(hold/1000 + 48,0);
fixed.c(62): warning:  #2748-D: null argument provided for parameter marked with attribute "nonnull"
                fputc(' ',0);
fixed.c(65): warning:  #2748-D: null argument provided for parameter marked with attribute "nonnull"
        fputc(hold/100 + 48, 0);
fixed.c(69): warning:  #2748-D: null argument provided for parameter marked with attribute "nonnull"
        fputc('.',0);
fixed.c(73): warning:  #2748-D: null argument provided for parameter marked with attribute "nonnull"
                fputc(hold/10 + 48, 0);
fixed.c(77): warning:  #2748-D: null argument provided for parameter marked with attribute "nonnull"
                fputc('0',0);
fixed.c(81): warning:  #2748-D: null argument provided for parameter marked with attribute "nonnull"
                fputc(hold + 48, 0);
fixed.c(84): warning:  #2748-D: null argument provided for parameter marked with attribute "nonnull"
                fputc('0',0);
fixed.c: 17 warnings, 0 errors
compiling main.c...
main.c(13): warning:  #2748-D: null argument provided for parameter marked with attribute "nonnull"
                fputc('\n',0);
main.c: 1 warning, 0 errors
linking...
Program Size: Code=2968 RO-data=2052 RW-data=60 ZI-data=1028  
".\ST7735.axf" - 0 Error(s), 18 Warning(s).
