<html>
<body>
<pre>
<h1>µVision Build Log</h1>
<h2>Project:</h2>
C:\Keil\ValvanoWareTM4C123\Lab2\ADCSWTrigger.uvproj
Project File Date:  09/09/2016

<h2>Output:</h2>
Rebuild target 'ADCSWTrigger'
assembling startup.s...
compiling ADCSWTrigger.c...
compiling ADCTestMain.c...
compiling PLL.c...
compiling Timer1.c...
compiling ST7735.c...
compiling fixed.c...
linking...
Program Size: Code=3920 RO-data=2052 RW-data=56 ZI-data=9136  
".\ADCSWTrigger.axf" - 0 Error(s), 0 Warning(s).
Load "C:\\Keil\\ValvanoWareTM4C123\\Lab2\\ADCSWTrigger.axf" 
Connecting: Mode=JTAG, Speed=1000000Hz
Erase Done.
Programming Done.
Verify OK.
ot created
Load "C:\\Keil\\ValvanoWareTM4C123\\Lab2\\ADCSWTrigger.axf" 
_____^
*** error 56: cannot open file
Error: Flash Download failed  -  Could not load file 'C:\Keil\ValvanoWareTM4C123\Lab2\ADCSWTrigger.axf'

Target not created

Programming Done.
Verify OK.
xf" 
Connecting: Mode=JTAG, Speed=1000000Hz
Erase Done.
Programming Done.
Verify OK.
