<html>
<body>
<pre>
<h1>µVision Build Log</h1>
<h2>Project:</h2>
C:\Keil\ValvanoWareTM4C123\Lab3\ST7735.uvproj
Project File Date:  09/14/2016

<h2>Output:</h2>
Rebuild target 'ST7735'
assembling startup.s...
compiling PLL.c...
compiling ST7735.c...
compiling Main.c...
Main.c(84): warning:  #111-D: statement is unreachable
        return 0;
Main.c: 1 warning, 0 errors
linking...
Program Size: Code=1968 RO-data=2052 RW-data=44 ZI-data=1028  
".\ST7735.axf" - 0 Error(s), 1 Warning(s).
